-- GPIO TEST AND CONFIG SIGNALS
        DCB_SALT_SEL        -- GPIO_0:  '1'= DCB MODE (IE TFC MASTER TX ENABLED) // '0'=SALT HYBRID MODE (IE TFC MASTER RX W/ SYNC MODE ENABLED)
        SIM_MODE            -- GPIO_1:  '1' = SIM MODE, '0' = REAL TIME OP MODE
        EXT_INT_REF_SEL     -- GPIO_9   '1' = CCC USE REC'D REF CLOCKS, '0' BOARD TRANSMITS REF CLOCK SIGNALS

        P_CCC_RX_CLK_LOCK   -- GPIO_10: LOCK STATUS OF THE CCC #2 (DYNAMIC CLOCK USED FOR THE DESERIALIZER RX)
        P_MASTER_POR_B      -- GPIO_2:  MASTER_POR_B
        P_USB_MASTER_EN     -- GPIO_7:  USB_MASTER_EN
        P_CCC_MAIN_LOCK     -- GPIO_3:  LOCK STATUS OF THE CCC #1
        P_CLK_40MHZ_GEN     -- GPIO_4:  40 MHZ MAIN CLOCK
        P_CLK_PH1_160MHZ    -- GPIO_8:  CCC#1 FIXED CLOCK OUT
        P_RX_CLK160M        -- GPIO_6:  RX_CLK160M (MUX CLOCK SOURCE FROM EITHER ON-BOARD CCC#1 OR EXT RX 160M)
        P_CCC_160M_ADJ      -- GPIO_5:  CCC#2 ADJ CLOCK

*****************************************************************
Pin Report - Date: Fri Dec 04 08:24:29 2015 Pinchecksum: NOT-AVAILABLE
Product: Designer
Release: v11.6
Version: 11.6.0.34
Design Name: TOP_COMET
Family: ProASIC3E
Die: A3PE1500
Package: 208 PQFP
*****************************************************************
Port               |Pin |Fixed |Function         |I/O Std  |Output Drive (mA) |Slew |Resistor Pull |Schmitt Trigger |Input Delay |Skew |Output Load (pF) |Use I/O Reg |Hot Swappable |
-------------------|----|------|-----------------|---------|------------------|-----|--------------|----------------|------------|-----|-----------------|------------|--------------|
BIDIR_160M_N        113  Yes    GDB0/IO109NPB3V2  LVDS      24                 High  ---            ---              Off          No    0                 No           Yes
BIDIR_160M_P        115  Yes    GDB1/IO109PPB3V2  LVDS      24                 High  ---            ---              Off          No    0                 No           Yes
BIDIR_CLK200M_N     116  Yes    GDC0/IO108NDB3V2  LVDS      24                 High  ---            ---              Off          No    0                 No           Yes
BIDIR_CLK200M_P     117  Yes    GDC1/IO108PDB3V2  LVDS      24                 High  ---            ---              Off          No    0                 No           Yes
BIDIR_USB_ADBUS[0]  66   Yes    IO157PDB5V2       LVTTL     24                 High  Up             Yes              Off          No    35                Yes          Yes
BIDIR_USB_ADBUS[1]  64   Yes    IO157NDB5V2       LVTTL     24                 High  Up             Yes              Off          No    35                Yes          Yes
BIDIR_USB_ADBUS[2]  68   Yes    IO153PDB5V2       LVTTL     24                 High  Up             Yes              Off          No    35                Yes          Yes
BIDIR_USB_ADBUS[3]  67   Yes    IO153NDB5V2       LVTTL     24                 High  Up             Yes              Off          No    35                Yes          Yes
BIDIR_USB_ADBUS[4]  70   Yes    IO149PDB5V1       LVTTL     24                 High  Up             Yes              Off          No    35                Yes          Yes
BIDIR_USB_ADBUS[5]  69   Yes    IO149NDB5V1       LVTTL     24                 High  Up             Yes              Off          No    35                Yes          Yes
BIDIR_USB_ADBUS[6]  74   Yes    IO145PDB5V1       LVTTL     24                 High  Up             Yes              Off          No    35                Yes          Yes
BIDIR_USB_ADBUS[7]  73   Yes    IO145NDB5V1       LVTTL     24                 High  Up             Yes              Off          No    35                Yes          Yes
CLK200_N            26   Yes    GFA0/IO190NPB6V2  LVDS      ---                ---   ---            ---              Off          ---   ---               No           Yes
CLK200_P            28   Yes    GFA1/IO190PPB6V2  LVDS      ---                ---   ---            ---              Off          ---   ---               No           Yes
DCB_SALT_SEL        192  Yes    IO12PSB0V1        LVCMOS25  ---                ---   Up             Yes              Off          ---   ---               No           Yes
DEV_RST_B           136  Yes    GCC1/IO85PSB2V3   LVCMOS25  ---                ---   None           Yes              Off          ---   ---               No           Yes
EXT_INT_REF_SEL     15   Yes    IO204PSB7V1       LVCMOS25  ---                ---   Up             Yes              Off          ---   ---               No           Yes
P_CCC_160M_ADJ      99   Yes    GDA2/IO111PSB4V0  LVCMOS25  12                 High  Up             ---              ---          No    35                No           Yes
P_CCC_MAIN_LOCK     125  Yes    GCB2/IO89PSB3V0   LVCMOS25  8                  Low   Up             ---              ---          No    35                No           Yes
P_CCC_RX_CLK_LOCK   4    Yes    GAB2/IO220PSB7V3  LVCMOS25  8                  Low   Up             ---              ---          No    35                No           Yes
P_CLK_40MHZ_GEN     124  Yes    GCC2/IO90PSB3V0   LVCMOS25  12                 High  Up             ---              ---          No    35                No           Yes
P_CLK_PH1_160MHZ    21   Yes    IO196PSB7V0       LVCMOS25  12                 High  Up             ---              ---          No    35                No           Yes
P_MASTER_POR_B      139  Yes    IO81PSB2V3        LVCMOS25  8                  Low   Up             ---              ---          No    35                No           Yes
P_RX_CLK160M        39   Yes    IO180PSB6V1       LVCMOS25  12                 High  Up             ---              ---          No    35                No           Yes
P_USB_MASTER_EN     22   Yes    GFC1/IO192PSB7V0  LVCMOS25  8                  Low   Up             ---              ---          No    35                No           Yes
P_USB_RXF_B         79   Yes    IO135NDB5V0       LVTTL     ---                ---   Up             Yes              Off          ---   ---               Yes          Yes
P_USB_TXE_B         80   Yes    IO135PDB5V0       LVTTL     ---                ---   Up             Yes              Off          ---   ---               Yes          Yes
REF_CLK_1N          169  Yes    IO47NDB1V1        LVDS      24                 High  ---            ---              ---          ---   0                 No           Yes
REF_CLK_1P          168  Yes    IO47PDB1V1        LVDS      24                 High  ---            ---              ---          ---   0                 No           Yes
REF_CLK_2N          179  Yes    IO31NDB0V3        LVDS      24                 High  ---            ---              ---          ---   0                 No           Yes
REF_CLK_2P          177  Yes    IO31PDB0V3        LVDS      24                 High  ---            ---              ---          ---   0                 No           Yes
REF_CLK_3N          183  Yes    IO27NDB0V3        LVDS      24                 High  ---            ---              ---          ---   0                 No           Yes
REF_CLK_3P          182  Yes    IO27PDB0V3        LVDS      24                 High  ---            ---              ---          ---   0                 No           Yes
REF_CLK_4N          189  Yes    IO18NDB0V2        LVDS      24                 High  ---            ---              ---          ---   0                 No           Yes
REF_CLK_4P          188  Yes    IO18PDB0V2        LVDS      24                 High  ---            ---              ---          ---   0                 No           Yes
REF_CLK_5N          194  Yes    IO11NDB0V1        LVDS      24                 High  ---            ---              ---          ---   0                 No           Yes
REF_CLK_5P          193  Yes    IO11PDB0V1        LVDS      24                 High  ---            ---              ---          ---   0                 No           Yes
REF_CLK_6N          199  Yes    IO05NDB0V0        LVDS      24                 High  ---            ---              ---          ---   0                 No           Yes
REF_CLK_6P          198  Yes    IO05PDB0V0        LVDS      24                 High  ---            ---              ---          ---   0                 No           Yes
REF_CLK_7N          204  Yes    GAB0/IO01NDB0V0   LVDS      24                 High  ---            ---              ---          ---   0                 No           Yes
REF_CLK_7P          203  Yes    GAB1/IO01PDB0V0   LVDS      24                 High  ---            ---              ---          ---   0                 No           Yes
REF_CLK_8N          6    Yes    IO221NDB7V3       LVDS      24                 High  ---            ---              ---          ---   0                 No           Yes
REF_CLK_8P          5    Yes    GAA2/IO221PDB7V3  LVDS      24                 High  ---            ---              ---          ---   0                 No           Yes
REF_CLK_9N          160  Yes    GBA0/IO57NDB1V3   LVDS      24                 High  ---            ---              ---          ---   0                 No           Yes
REF_CLK_9P          159  Yes    GBA1/IO57PDB1V3   LVDS      24                 High  ---            ---              ---          ---   0                 No           Yes
REF_CLK_10N         165  Yes    GBC0/IO55NDB1V3   LVDS      24                 High  ---            ---              ---          ---   0                 No           Yes
REF_CLK_10P         164  Yes    GBC1/IO55PDB1V3   LVDS      24                 High  ---            ---              ---          ---   0                 No           Yes
REF_CLK_11N         86   Yes    IO127NDB4V2       LVDS      24                 High  ---            ---              ---          ---   0                 No           Yes
REF_CLK_11P         87   Yes    IO127PDB4V2       LVDS      24                 High  ---            ---              ---          ---   0                 No           Yes
SIM_MODE            172  Yes    IO43PSB1V1        LVCMOS25  ---                ---   Up             Yes              Off          ---   ---               No           Yes
TFC_DAT_0N          174  Yes    IO41NDB1V1        LVDS      24                 High  ---            ---              Off          No    0                 No           Yes
TFC_DAT_0P          173  Yes    IO41PDB1V1        LVDS      24                 High  ---            ---              Off          No    0                 Yes          Yes
TX_160M_N           96   Yes    IO112NDB4V0       LVDS      24                 High  ---            ---              ---          ---   0                 No           Yes
TX_160M_P           98   Yes    GDB2/IO112PDB4V0  LVDS      24                 High  ---            ---              ---          ---   0                 No           Yes
TX_200M_N           94   Yes    IO113NDB4V0       LVDS      24                 High  ---            ---              ---          ---   0                 No           Yes
TX_200M_P           95   Yes    GDC2/IO113PDB4V0  LVDS      24                 High  ---            ---              ---          ---   0                 No           Yes
USB_OE_B            63   Yes    IO161PSB5V3       LVTTL     24                 High  Up             ---              ---          No    35                No           Yes
USB_RD_B            77   Yes    IO137NDB5V0       LVTTL     24                 High  Up             ---              ---          No    35                No           Yes
USB_SIWU_B          75   Yes    IO143NDB5V1       LVTTL     24                 High  Up             ---              ---          No    35                No           Yes
USB_WR_B            78   Yes    IO137PDB5V0       LVTTL     24                 High  Up             ---              ---          No    35                No           Yes
USBCLK60MHZ         76   Yes    IO143PDB5V1       LVTTL     ---                ---   Up             No               Off          ---   ---               No           Yes
