Target Part: A3PE1500_PQFP208_STD
Report for cell TOP_COMET.rtl
  Core Cell usage:
              cell count     area count*area
              AND2    11      1.0       11.0
             AND2A     4      1.0        4.0
              AND3     6      1.0        6.0
               AO1   160      1.0      160.0
              AO13     3      1.0        3.0
              AO16     1      1.0        1.0
              AO1A    51      1.0       51.0
              AO1B     7      1.0        7.0
              AO1C    23      1.0       23.0
              AO1D     6      1.0        6.0
              AOI1    23      1.0       23.0
             AOI1A     4      1.0        4.0
             AOI1B    10      1.0       10.0
               AX1     1      1.0        1.0
              AX1A     1      1.0        1.0
              AX1C     7      1.0        7.0
              AX1E     2      1.0        2.0
              BUFF     3      1.0        3.0
            CLKINT     1      0.0        0.0
           DDR_OUT    25      0.0        0.0
           DDR_REG    21      0.0        0.0
               GND   159      0.0        0.0
               INV    20      1.0       20.0
               MX2  1344      1.0     1344.0
              MX2A    15      1.0       15.0
              MX2B    34      1.0       34.0
              MX2C    11      1.0       11.0
              NOR2    90      1.0       90.0
             NOR2A   311      1.0      311.0
             NOR2B   371      1.0      371.0
              NOR3    34      1.0       34.0
             NOR3A   100      1.0      100.0
             NOR3B   115      1.0      115.0
             NOR3C   104      1.0      104.0
               OA1    37      1.0       37.0
              OA1A    13      1.0       13.0
              OA1B    32      1.0       32.0
              OA1C    32      1.0       32.0
              OAI1     2      1.0        2.0
               OR2   209      1.0      209.0
              OR2A    96      1.0       96.0
              OR2B    26      1.0       26.0
               OR3   145      1.0      145.0
              OR3A    31      1.0       31.0
              OR3B    16      1.0       16.0
              OR3C    11      1.0       11.0
            PLLINT     3      0.0        0.0
               VCC   159      0.0        0.0
               XA1     2      1.0        2.0
              XA1A     5      1.0        5.0
              XA1B    45      1.0       45.0
              XA1C    43      1.0       43.0
             XNOR2     9      1.0        9.0
             XNOR3     3      1.0        3.0
               XO1    15      1.0       15.0
              XO1A     1      1.0        1.0
              XOR2    65      1.0       65.0


            DFI1C0     9      1.0        9.0
          DFI1E1P0     1      1.0        1.0
            DFI1P0    26      1.0       26.0
            DFN1C0  2383      1.0     2383.0
          DFN1E0C0   146      1.0      146.0
          DFN1E0P0    46      1.0       46.0
          DFN1E1C0   841      1.0      841.0
          DFN1E1P0     7      1.0        7.0
            DFN1P0    30      1.0       30.0
            DYNCCC     2      0.0        0.0
            RAM4K9    21      0.0        0.0
                   -----          ----------
             TOTAL  7590              7199.0


  IO Cell usage:
              cell count
       BIBUF_F_24U     8
        BIBUF_LVDS    27
             INBUF     6
        INBUF_LVDS     1
            OUTBUF    13
       OUTBUF_LVDS     1
     TRIBUFF_F_24U     4
                   -----
             TOTAL    60


Core Cells         : 7199 of 38400 (19%)
IO Cells           : 60

  RAM/ROM Usage Summary
Block Rams : 21 of 60 (35%)

